[0m22:06:55.926397 [debug] [MainThread]: Sending event: {'category': 'dbt', 'action': 'invocation', 'label': 'start', 'context': [<snowplow_tracker.self_describing_json.SelfDescribingJson object at 0x000001898DAFCC50>, <snowplow_tracker.self_describing_json.SelfDescribingJson object at 0x000001898DAFC310>, <snowplow_tracker.self_describing_json.SelfDescribingJson object at 0x000001898DB96990>]}


============================== 22:06:55.956153 | e588deff-e162-49ba-92c4-ae125127ee8f ==============================
[0m22:06:55.956153 [info ] [MainThread]: Running with dbt=1.12.3
[0m22:06:55.958085 [debug] [MainThread]: running dbt with arguments {'static_parser': 'True', 'no_print': 'None', 'version_check': 'True', 'target_path': 'None', 'warn_error_options': 'WarnErrorOptionsV2(error=[], warn=[], silence=[])', 'maximum_seed_size_mib': '1', 'printer_width': '80', 'write_json': 'True', 'empty': 'None', 'log_cache_events': 'False', 'introspect': 'True', 'cache_selected_only': 'False', 'fail_fast': 'False', 'debug': 'False', 'log_format': 'default', 'partial_parse': 'True', 'send_anonymous_usage_stats': 'True', 'quiet': 'False', 'warn_error': 'None', 'profiles_dir': 'C:\\Users\\s728768161\\.dbt', 'use_colors': 'True', 'hints_enabled': 'True', 'invocation_command': 'dbt init .', 'use_experimental_parser': 'False', 'indirect_selection': 'eager', 'log_path': 'logs'}
[0m22:06:56.048132 [info ] [MainThread]: Creating dbt configuration folder at C:\Users\s728768161\.dbt
[0m22:09:32.728004 [debug] [MainThread]: Starter project path: C:\Users\s728768161\AppData\Local\anaconda3\envs\dbt-snw-sec13f\Lib\site-packages\dbt\include\starter_project
[0m22:09:33.951576 [info ] [MainThread]: Setting up your profile.
[0m22:09:49.849949 [debug] [MainThread]: Snowflake adapter: Setting snowflake.connector to ERROR (file logging only)
[0m22:09:49.850947 [debug] [MainThread]: Snowflake adapter: Setting botocore to ERROR (file logging only)
[0m22:09:49.851952 [debug] [MainThread]: Snowflake adapter: Setting boto3 to ERROR (file logging only)
[0m22:13:51.646637 [info ] [MainThread]: Profile dbt_sec_13f written to C:\Users\s728768161\.dbt\profiles.yml using target's profile_template.yml and your supplied values.
[0m22:13:51.658630 [info ] [MainThread]: Running dbt debug to validate the project...
[0m22:13:51.659631 [info ] [MainThread]: dbt version: 1.12.3
[0m22:13:51.661629 [info ] [MainThread]: python version: 3.11.15
[0m22:13:51.661629 [info ] [MainThread]: python path: C:\Users\s728768161\AppData\Local\anaconda3\envs\dbt-snw-sec13f\python.exe
[0m22:13:51.662632 [info ] [MainThread]: os info: Windows-10-10.0.26200-SP0
[0m22:13:51.720631 [info ] [MainThread]: Using profiles dir at C:\Users\s728768161\.dbt
[0m22:13:51.721631 [info ] [MainThread]: Using profiles.yml file at C:\Users\s728768161\.dbt\profiles.yml
[0m22:13:51.722632 [info ] [MainThread]: Using dbt_project.yml file at C:\Users\s728768161\Documents\Dadosnagringa\projetos\dbt-sec-13f\dbt_sec_13f\dbt_project.yml
[0m22:13:51.726628 [info ] [MainThread]: adapter type: snowflake
[0m22:13:51.727628 [info ] [MainThread]: adapter version: 1.12.0
[0m22:13:51.834149 [info ] [MainThread]: Configuration:
[0m22:13:51.835149 [info ] [MainThread]:   profiles.yml file [[32mOK found and valid[0m]
[0m22:13:51.836150 [info ] [MainThread]:   dbt_project.yml file [[32mOK found and valid[0m]
[0m22:13:51.836150 [info ] [MainThread]: Required dependencies:
[0m22:13:51.837154 [debug] [MainThread]: Executing "git --help"
[0m22:13:51.945101 [debug] [MainThread]: STDOUT: "b"usage: git [-v | --version] [-h | --help] [-C <path>] [-c <name>=<value>]\n           [--exec-path[=<path>]] [--html-path] [--man-path] [--info-path]\n           [-p | --paginate | -P | --no-pager] [--no-replace-objects] [--no-lazy-fetch]\n           [--no-optional-locks] [--no-advice] [--bare] [--git-dir=<path>]\n           [--work-tree=<path>] [--namespace=<name>] [--config-env=<name>=<envvar>]\n           <command> [<args>]\n\nThese are common Git commands used in various situations:\n\nstart a working area (see also: git help tutorial)\n   clone      Clone a repository into a new directory\n   init       Create an empty Git repository or reinitialize an existing one\n\nwork on the current change (see also: git help everyday)\n   add        Add file contents to the index\n   mv         Move or rename a file, a directory, or a symlink\n   restore    Restore working tree files\n   rm         Remove files from the working tree and from the index\n\nexamine the history and state (see also: git help revisions)\n   bisect     Use binary search to find the commit that introduced a bug\n   diff       Show changes between commits, commit and working tree, etc\n   grep       Print lines matching a pattern\n   log        Show commit logs\n   show       Show various types of objects\n   status     Show the working tree status\n\ngrow, mark and tweak your common history\n   backfill   Download missing objects in a partial clone\n   branch     List, create, or delete branches\n   commit     Record changes to the repository\n   history    EXPERIMENTAL: Rewrite history\n   merge      Join two or more development histories together\n   rebase     Reapply commits on top of another base tip\n   reset      Set `HEAD` or the index to a known state\n   switch     Switch branches\n   tag        Create, list, delete or verify tags\n\ncollaborate (see also: git help workflows)\n   fetch      Download objects and refs from another repository\n   pull       Fetch from and integrate with another repository or a local branch\n   push       Update remote refs along with associated objects\n\n'git help -a' and 'git help -g' list available subcommands and some\nconcept guides. See 'git help <command>' or 'git help <concept>'\nto read about a specific subcommand or concept.\nSee 'git help git' for an overview of the system.\n""
[0m22:13:51.946103 [debug] [MainThread]: STDERR: "b''"
[0m22:13:51.946103 [info ] [MainThread]:  - git [[32mOK found[0m]

[0m22:13:51.965110 [info ] [MainThread]: Connection:
[0m22:13:51.966110 [info ] [MainThread]:   account: SCOMTMX-NR05766
[0m22:13:51.968111 [info ] [MainThread]:   user: alexandrecardoso415
[0m22:13:51.968111 [info ] [MainThread]:   database: raw_db
[0m22:13:51.970109 [info ] [MainThread]:   warehouse: load_wh
[0m22:13:51.972111 [info ] [MainThread]:   role: ACCOUNTADMIN
[0m22:13:51.973112 [info ] [MainThread]:   schema: dbt_dev
[0m22:13:51.974112 [info ] [MainThread]:   authenticator: None
[0m22:13:51.975110 [info ] [MainThread]:   oauth_client_id: None
[0m22:13:51.976112 [info ] [MainThread]:   query_tag: None
[0m22:13:51.977109 [info ] [MainThread]:   client_session_keep_alive: False
[0m22:13:51.977109 [info ] [MainThread]:   host: None
[0m22:13:51.978111 [info ] [MainThread]:   port: None
[0m22:13:51.979111 [info ] [MainThread]:   proxy_host: None
[0m22:13:51.979111 [info ] [MainThread]:   proxy_port: None
[0m22:13:51.980110 [info ] [MainThread]:   protocol: None
[0m22:13:51.981109 [info ] [MainThread]:   connect_retries: 1
[0m22:13:51.982111 [info ] [MainThread]:   connect_timeout: None
[0m22:13:51.982111 [info ] [MainThread]:   retry_on_database_errors: False
[0m22:13:51.983111 [info ] [MainThread]:   retry_all: False
[0m22:13:51.983111 [info ] [MainThread]:   insecure_mode: False
[0m22:13:51.984108 [info ] [MainThread]:   reuse_connections: True
[0m22:13:51.985108 [info ] [MainThread]:   s3_stage_vpce_dns_name: None
[0m22:13:51.985108 [info ] [MainThread]:   workload_identity_provider: None
[0m22:13:51.986110 [info ] [MainThread]:   workload_identity_entra_resource: None
[0m22:13:51.987110 [info ] [MainThread]:   platform_detection_timeout_seconds: 0.0
[0m22:13:51.989111 [info ] [MainThread]: Registered adapter: snowflake=1.12.0
[0m22:13:52.411134 [debug] [MainThread]: Acquiring new snowflake connection 'debug'
[0m22:13:52.416134 [debug] [MainThread]: Using snowflake connection "debug"
[0m22:13:52.416134 [debug] [MainThread]: On debug: select 1 as id
[0m22:13:52.417135 [debug] [MainThread]: Opening a new connection, currently in state init
[0m22:13:54.453361 [debug] [MainThread]: SQL status: SUCCESS 1 in 2.036 seconds
[0m22:13:54.454348 [info ] [MainThread]:   Connection test: [[32mOK connection ok[0m]

[0m22:13:54.455347 [info ] [MainThread]: [32mAll checks passed![0m
[0m22:13:54.455347 [info ] [MainThread]: Your new dbt project "dbt_sec_13f" was created!
Initialized new project in C:\Users\s728768161\Documents\Dadosnagringa\projetos\dbt-sec-13f\dbt_sec_13f\dbt_sec_13f

For more information on how to configure the profiles.yml file,
please consult the dbt documentation here:

  https://docs.getdbt.com/docs/configure-your-profile

One more thing:

Need help? Don't hesitate to reach out to us via GitHub issues or on Slack:

  https://community.getdbt.com/

Happy modeling!

[0m22:13:54.458374 [debug] [MainThread]: Command `dbt init` succeeded at 22:13:54.457373 after 418.77 seconds
[0m22:13:54.458374 [debug] [MainThread]: Connection 'debug' was left open.
[0m22:13:54.458374 [debug] [MainThread]: On debug: Close
[0m22:13:54.543437 [debug] [MainThread]: Sending event: {'category': 'dbt', 'action': 'invocation', 'label': 'end', 'context': [<snowplow_tracker.self_describing_json.SelfDescribingJson object at 0x000001898DB97590>, <snowplow_tracker.self_describing_json.SelfDescribingJson object at 0x000001898DAFED10>, <snowplow_tracker.self_describing_json.SelfDescribingJson object at 0x000001898B8C8350>]}
[0m22:13:54.544397 [debug] [MainThread]: Flushing usage events
[0m22:13:55.581002 [debug] [MainThread]: An error was encountered while trying to flush usage events
[0m22:14:05.210911 [debug] [MainThread]: Sending event: {'category': 'dbt', 'action': 'invocation', 'label': 'start', 'context': [<snowplow_tracker.self_describing_json.SelfDescribingJson object at 0x000002004769EB50>, <snowplow_tracker.self_describing_json.SelfDescribingJson object at 0x000002004C2CFAD0>, <snowplow_tracker.self_describing_json.SelfDescribingJson object at 0x000002004C23BDD0>]}


============================== 22:14:05.217921 | 05e6e3a4-e682-45a1-ae97-6e60059c1f04 ==============================
[0m22:14:05.217921 [info ] [MainThread]: Running with dbt=1.12.3
[0m22:14:05.218919 [debug] [MainThread]: running dbt with arguments {'static_parser': 'True', 'no_print': 'None', 'version_check': 'True', 'warn_error_options': 'WarnErrorOptionsV2(error=[], warn=[], silence=[])', 'target_path': 'None', 'maximum_seed_size_mib': '1', 'printer_width': '80', 'write_json': 'True', 'empty': 'None', 'log_cache_events': 'False', 'introspect': 'True', 'cache_selected_only': 'False', 'fail_fast': 'False', 'debug': 'False', 'log_format': 'default', 'profiles_dir': 'C:\\Users\\s728768161\\.dbt', 'send_anonymous_usage_stats': 'True', 'quiet': 'False', 'warn_error': 'None', 'partial_parse': 'True', 'invocation_command': 'dbt debug', 'hints_enabled': 'True', 'indirect_selection': 'eager', 'use_experimental_parser': 'False', 'use_colors': 'True', 'log_path': 'logs'}
[0m22:14:05.260062 [info ] [MainThread]: dbt version: 1.12.3
[0m22:14:05.261070 [info ] [MainThread]: python version: 3.11.15
[0m22:14:05.261070 [info ] [MainThread]: python path: C:\Users\s728768161\AppData\Local\anaconda3\envs\dbt-snw-sec13f\python.exe
[0m22:14:05.262202 [info ] [MainThread]: os info: Windows-10-10.0.26200-SP0
[0m22:14:06.052300 [debug] [MainThread]: Snowflake adapter: Setting snowflake.connector to ERROR (file logging only)
[0m22:14:06.052300 [debug] [MainThread]: Snowflake adapter: Setting botocore to ERROR (file logging only)
[0m22:14:06.053638 [debug] [MainThread]: Snowflake adapter: Setting boto3 to ERROR (file logging only)
[0m22:14:06.537501 [info ] [MainThread]: Using profiles dir at C:\Users\s728768161\.dbt
[0m22:14:06.538506 [info ] [MainThread]: Using profiles.yml file at C:\Users\s728768161\.dbt\profiles.yml
[0m22:14:06.539503 [info ] [MainThread]: Using dbt_project.yml file at C:\Users\s728768161\Documents\Dadosnagringa\projetos\dbt-sec-13f\dbt_project.yml
[0m22:14:06.541511 [info ] [MainThread]: adapter type: snowflake
[0m22:14:06.542520 [info ] [MainThread]: adapter version: 1.12.0
[0m22:14:06.542520 [info ] [MainThread]: Configuration:
[0m22:14:06.543525 [info ] [MainThread]:   profiles.yml file [[32mOK found and valid[0m]
[0m22:14:06.544521 [info ] [MainThread]:   dbt_project.yml file [[31mERROR not found[0m]
[0m22:14:06.545523 [info ] [MainThread]: Required dependencies:
[0m22:14:06.546523 [debug] [MainThread]: Executing "git --help"
[0m22:14:06.640477 [debug] [MainThread]: STDOUT: "b"usage: git [-v | --version] [-h | --help] [-C <path>] [-c <name>=<value>]\n           [--exec-path[=<path>]] [--html-path] [--man-path] [--info-path]\n           [-p | --paginate | -P | --no-pager] [--no-replace-objects] [--no-lazy-fetch]\n           [--no-optional-locks] [--no-advice] [--bare] [--git-dir=<path>]\n           [--work-tree=<path>] [--namespace=<name>] [--config-env=<name>=<envvar>]\n           <command> [<args>]\n\nThese are common Git commands used in various situations:\n\nstart a working area (see also: git help tutorial)\n   clone      Clone a repository into a new directory\n   init       Create an empty Git repository or reinitialize an existing one\n\nwork on the current change (see also: git help everyday)\n   add        Add file contents to the index\n   mv         Move or rename a file, a directory, or a symlink\n   restore    Restore working tree files\n   rm         Remove files from the working tree and from the index\n\nexamine the history and state (see also: git help revisions)\n   bisect     Use binary search to find the commit that introduced a bug\n   diff       Show changes between commits, commit and working tree, etc\n   grep       Print lines matching a pattern\n   log        Show commit logs\n   show       Show various types of objects\n   status     Show the working tree status\n\ngrow, mark and tweak your common history\n   backfill   Download missing objects in a partial clone\n   branch     List, create, or delete branches\n   commit     Record changes to the repository\n   history    EXPERIMENTAL: Rewrite history\n   merge      Join two or more development histories together\n   rebase     Reapply commits on top of another base tip\n   reset      Set `HEAD` or the index to a known state\n   switch     Switch branches\n   tag        Create, list, delete or verify tags\n\ncollaborate (see also: git help workflows)\n   fetch      Download objects and refs from another repository\n   pull       Fetch from and integrate with another repository or a local branch\n   push       Update remote refs along with associated objects\n\n'git help -a' and 'git help -g' list available subcommands and some\nconcept guides. See 'git help <command>' or 'git help <concept>'\nto read about a specific subcommand or concept.\nSee 'git help git' for an overview of the system.\n""
[0m22:14:06.640477 [debug] [MainThread]: STDERR: "b''"
[0m22:14:06.641485 [info ] [MainThread]:  - git [[32mOK found[0m]

[0m22:14:06.642490 [info ] [MainThread]: Connection:
[0m22:14:06.642490 [info ] [MainThread]:   account: SCOMTMX-NR05766
[0m22:14:06.643490 [info ] [MainThread]:   user: alexandrecardoso415
[0m22:14:06.643490 [info ] [MainThread]:   database: raw_db
[0m22:14:06.644490 [info ] [MainThread]:   warehouse: load_wh
[0m22:14:06.644490 [info ] [MainThread]:   role: ACCOUNTADMIN
[0m22:14:06.645489 [info ] [MainThread]:   schema: dbt_dev
[0m22:14:06.645489 [info ] [MainThread]:   authenticator: None
[0m22:14:06.646492 [info ] [MainThread]:   oauth_client_id: None
[0m22:14:06.647490 [info ] [MainThread]:   query_tag: None
[0m22:14:06.647490 [info ] [MainThread]:   client_session_keep_alive: False
[0m22:14:06.648492 [info ] [MainThread]:   host: None
[0m22:14:06.649494 [info ] [MainThread]:   port: None
[0m22:14:06.650493 [info ] [MainThread]:   proxy_host: None
[0m22:14:06.651496 [info ] [MainThread]:   proxy_port: None
[0m22:14:06.652496 [info ] [MainThread]:   protocol: None
[0m22:14:06.653495 [info ] [MainThread]:   connect_retries: 1
[0m22:14:06.655499 [info ] [MainThread]:   connect_timeout: None
[0m22:14:06.657008 [info ] [MainThread]:   retry_on_database_errors: False
[0m22:14:06.658020 [info ] [MainThread]:   retry_all: False
[0m22:14:06.658020 [info ] [MainThread]:   insecure_mode: False
[0m22:14:06.659017 [info ] [MainThread]:   reuse_connections: True
[0m22:14:06.659017 [info ] [MainThread]:   s3_stage_vpce_dns_name: None
[0m22:14:06.660017 [info ] [MainThread]:   workload_identity_provider: None
[0m22:14:06.660017 [info ] [MainThread]:   workload_identity_entra_resource: None
[0m22:14:06.661020 [info ] [MainThread]:   platform_detection_timeout_seconds: 0.0
[0m22:14:06.662021 [info ] [MainThread]: Registered adapter: snowflake=1.12.0
[0m22:14:07.026375 [debug] [MainThread]: Acquiring new snowflake connection 'debug'
[0m22:14:07.029468 [debug] [MainThread]: Using snowflake connection "debug"
[0m22:14:07.030451 [debug] [MainThread]: On debug: select 1 as id
[0m22:14:07.030451 [debug] [MainThread]: Opening a new connection, currently in state init
[0m22:14:08.279989 [debug] [MainThread]: SQL status: SUCCESS 1 in 1.249 seconds
[0m22:14:08.283028 [info ] [MainThread]:   Connection test: [[32mOK connection ok[0m]

[0m22:14:08.283988 [info ] [MainThread]: [31m1 check failed:[0m
[0m22:14:08.283988 [info ] [MainThread]: Project loading failed for the following reason:
 project path <C:\Users\s728768161\Documents\Dadosnagringa\projetos\dbt-sec-13f\dbt_project.yml> not found

[0m22:14:08.286012 [debug] [MainThread]: Command `dbt debug` failed at 22:14:08.286012 after 3.29 seconds
[0m22:14:08.286012 [debug] [MainThread]: Connection 'debug' was left open.
[0m22:14:08.287002 [debug] [MainThread]: On debug: Close
[0m22:14:08.383417 [debug] [MainThread]: Sending event: {'category': 'dbt', 'action': 'invocation', 'label': 'end', 'context': [<snowplow_tracker.self_describing_json.SelfDescribingJson object at 0x000002004C23B450>, <snowplow_tracker.self_describing_json.SelfDescribingJson object at 0x000002004C23B210>, <snowplow_tracker.self_describing_json.SelfDescribingJson object at 0x000002004C178550>]}
[0m22:14:08.385421 [debug] [MainThread]: Flushing usage events
[0m22:14:09.100750 [debug] [MainThread]: An error was encountered while trying to flush usage events
[0m22:15:19.414556 [debug] [MainThread]: Sending event: {'category': 'dbt', 'action': 'invocation', 'label': 'start', 'context': [<snowplow_tracker.self_describing_json.SelfDescribingJson object at 0x0000017637EA7110>, <snowplow_tracker.self_describing_json.SelfDescribingJson object at 0x000001763D29B910>, <snowplow_tracker.self_describing_json.SelfDescribingJson object at 0x000001763D3F5350>]}


============================== 22:15:19.421061 | 028f89cc-d32b-44d3-a549-4f883fbbf728 ==============================
[0m22:15:19.421061 [info ] [MainThread]: Running with dbt=1.12.3
[0m22:15:19.423070 [debug] [MainThread]: running dbt with arguments {'static_parser': 'True', 'no_print': 'None', 'maximum_seed_size_mib': '1', 'target_path': 'None', 'warn_error_options': 'WarnErrorOptionsV2(error=[], warn=[], silence=[])', 'version_check': 'True', 'printer_width': '80', 'write_json': 'True', 'empty': 'None', 'log_cache_events': 'False', 'introspect': 'True', 'cache_selected_only': 'False', 'fail_fast': 'False', 'debug': 'False', 'log_format': 'default', 'profiles_dir': 'C:\\Users\\s728768161\\.dbt', 'send_anonymous_usage_stats': 'True', 'quiet': 'False', 'warn_error': 'None', 'partial_parse': 'True', 'indirect_selection': 'eager', 'hints_enabled': 'True', 'invocation_command': 'dbt init .', 'use_experimental_parser': 'False', 'use_colors': 'True', 'log_path': 'logs'}
[0m22:15:29.632259 [error] [MainThread]: [[31mERROR[0m]: Encountered an error:

[0m22:15:29.644259 [error] [MainThread]: Traceback (most recent call last):
  File "C:\Users\s728768161\AppData\Local\anaconda3\envs\dbt-snw-sec13f\Lib\site-packages\dbt\cli\requires.py", line 198, in wrapper
    result, success = func(*args, **kwargs)
                      ^^^^^^^^^^^^^^^^^^^^^
  File "C:\Users\s728768161\AppData\Local\anaconda3\envs\dbt-snw-sec13f\Lib\site-packages\dbt\cli\requires.py", line 144, in wrapper
    return func(*args, **kwargs)
           ^^^^^^^^^^^^^^^^^^^^^
  File "C:\Users\s728768161\AppData\Local\anaconda3\envs\dbt-snw-sec13f\Lib\site-packages\dbt\cli\main.py", line 504, in init
    results = task.run()
              ^^^^^^^^^^
  File "C:\Users\s728768161\AppData\Local\anaconda3\envs\dbt-snw-sec13f\Lib\site-packages\dbt\task\init.py", line 340, in run
    project_name = self.get_valid_project_name()
                   ^^^^^^^^^^^^^^^^^^^^^^^^^^^^^
  File "C:\Users\s728768161\AppData\Local\anaconda3\envs\dbt-snw-sec13f\Lib\site-packages\dbt\task\init.py", line 281, in get_valid_project_name
    name = click.prompt("Enter a name for your project (letters, digits, underscore)")
           ^^^^^^^^^^^^^^^^^^^^^^^^^^^^^^^^^^^^^^^^^^^^^^^^^^^^^^^^^^^^^^^^^^^^^^^^^^^
  File "C:\Users\s728768161\AppData\Local\anaconda3\envs\dbt-snw-sec13f\Lib\site-packages\click\termui.py", line 262, in prompt
    value = prompt_func(prompt)
            ^^^^^^^^^^^^^^^^^^^
  File "C:\Users\s728768161\AppData\Local\anaconda3\envs\dbt-snw-sec13f\Lib\site-packages\click\termui.py", line 245, in prompt_func
    raise Abort() from None
click.exceptions.Abort

[0m22:15:29.646263 [debug] [MainThread]: Command `dbt init` failed at 22:15:29.646263 after 10.47 seconds
[0m22:15:29.648260 [debug] [MainThread]: Sending event: {'category': 'dbt', 'action': 'invocation', 'label': 'end', 'context': [<snowplow_tracker.self_describing_json.SelfDescribingJson object at 0x000001763D3F6250>, <snowplow_tracker.self_describing_json.SelfDescribingJson object at 0x000001763D35B8D0>, <snowplow_tracker.self_describing_json.SelfDescribingJson object at 0x000001763D35B550>]}
[0m22:15:29.650261 [debug] [MainThread]: Flushing usage events
[0m22:15:30.503623 [debug] [MainThread]: An error was encountered while trying to flush usage events
